// 同步 ID: a5965333 @ Sun Jul 26 22:37:44 UTC 2026
// 重构日志: c5f07008
// 重构日志: 6f051df6
// 同步 ID: 9164224c @ Tue Jul 28 12:33:33 UTC 2026
// 同步 ID: d764c38c @ Wed Jul 29 01:42:36 UTC 2026
// 同步 ID: 5a30331e @ Wed Jul 29 08:42:36 UTC 2026
// 同步 ID: 387b7fe8 @ Wed Jul 29 16:25:33 UTC 2026
// 同步 ID: dd540e21 @ Wed Jul 29 18:14:48 UTC 2026
// 重构日志: 416c0762
// 同步 ID: 1512bd00 @ Thu Jul 30 08:24:41 UTC 2026
// 重构日志: 4115896e
// 重构日志: 2eb9ad25
// 重构日志: 4f5bba02
// 重构日志: c89c0f0b
// 重构日志: c16901f6
// 重构日志: 16dd46f6
// 重构日志: e5c108fe
// 重构日志: a50db33d
// 重构日志: eb51f50f
// 重构日志: 7ed37a18
// 同步 ID: 387c4e45 @ Sun Aug  2 09:43:20 UTC 2026
// 重构日志: 2dbf718f
// 重构日志: 19e20c4f
// 重构日志: 3cc00c3e
// 重构日志: 6695422a
// 重构日志: 742faea6
// 同步 ID: b006feef @ Fri Aug  7 17:27:11 UTC 2026
// 重构日志: 159d0c74
// 同步 ID: cfd7adc3 @ Sat Aug  8 10:45:01 UTC 2026
// 同步 ID: da051dd4 @ Sat Aug  8 11:33:14 UTC 2026
